1, I am actually horrified this place is still in business. My 3 year old son needed a haircut this past summer and the lure of the $7 kids cut signs got me in the door. We had to wait a few minutes as both stylists were working on people. The decor in this place is total garbage. It is so tacky. The sofa they had at the time was a pleather sofa with giant holes in it. And my son noticed ants crawling all over the floor and the furniture. It was disgusting and I should have walked out then. Actually, I should have turned around and walked out upon entering but I didn't. So the older black male stylist finishes the haircut he was doing and it's our turn. I tell him I want a #2 clipper around the back and sides and then hand cut the top into a standard boys cut. Really freaking simple, right? WRONG! Rather than use the clippers and go up to actually cut the hair, he went down. Using it moving downward doesn't cut hair, it just rubs against it. How does this man who has an alleged cosmetology license not know how to use a set of freaking clippers??? I realized almost immediately that he had no idea what he was doing. No idea at all. After about 10 minutes of watching this guy stumble through it, I said "you know what? That's fine.", paid and left. All I wanted to do was get out of that scummy joint and take my son to a real haircut place.  Bottom line: DO NOT GO HERE. RUN THE OTHER WAY!!!!!
2, As someone who has worked with many museums, I was eager to visit this gallery on my most recent trip to Las Vegas. When I saw they would be showing infamous eggs of the House of Faberge from the Virginia Museum of Fine Arts (VMFA), I knew I had to go!  Tucked away near the gelateria and the garden, the Gallery is pretty much hidden from view. It's what real estate agents would call "cozy" or "charming" - basically any euphemism for small.  That being said, you can still see wonderful art at a gallery of any size, so why the two *s you ask? Let me tell you:  * pricing for this, while relatively inexpensive for a Las Vegas attraction, is completely over the top. For the space and the amount of art you can fit in there, it is a bit much. * it's not kid friendly at all. Seriously, don't bring them. * the security is not trained properly for the show. When the curating and design teams collaborate for exhibitions, there is a definite flow. That means visitors should view the art in a certain sequence, whether it be by historical period or cultural significance (this is how audio guides are usually developed). When I arrived in the gallery I could not tell where to start, and security was certainly not helpful. I was told to "just look around" and "do whatever."   At such a *fine* institution, I find the lack of knowledge and respect for the art appalling.
4, A close friend was in town and so instead of taking him to a more well established joint, we decided to try the newly opened Choolah. We were not disappointed.  I am a bit of an amateur chef myself and consider my palate to be fairly sophisticated when it comes to all kinds of South Asian cuisine. This is not authentic Indian food - we don't have rice and salad bowls - but it is good, wholesome, high quality Indian food.  I ordered a bowl of rice, yellow daal and the koftas (meatballs). The daal was perfect, the way daal should be cooked. The koftas were a little bland for my taste, but otherwise not bad...soft and the right texture. Paired with the many sauces and onions and the whole dish was wholesome and rich and very filling. My friend ordered the biryani, which, while not bad, still isn't the way real biryani should be, and I come from a city known for its biryani - but then I still haven't found a single place in America that makes biryani the way they do it back home.  The ambiance is good and there's plenty of room to sit. The line moves quickly and at most you'll face a 10-15 min wait on a crowded day. The only issue I had was with the music - being a designer, it bothers me that the music selection to go with such great interiors  could have been better...I would expect Bollywood classics or Indian classical fusion instead of the usual loud pop music.  Tldr: if you're looking for authentically prepared and presented Indian food you'll be disappointed. If you're looking for high quality Indian-American food, this is a great place to get it. Will be coming back to try their tikka masala and chicken next.  Update: went there again with a bunch of friends and tried their chicken tikka masala and pav bhaji. This is hands down the best Indian place in Pittsburgh - the bhaji is to die for. Make sure you sprinkle lemon on top and have the pav with mango chutney.
4, Coconut's Fish Cafe is a fantastic, Five Stars fish cafe.  The five of us drove here on our lunch hour and lucky us, there were only a few customers in line. Nice!  A good sign, when UR working against a clock.   I ordered the Póke (Photo) for $11.99 which was outstanding.  I love fresh Tuna and Coconut's might be some of the best I've every had.  Order it and see!  My coworkers ordered, the Chicken Tacos for $11.99, Steak Tacos (Photos) for $11.49, Fish Taco for $10.99 and a cup of Chowder for $5.74. Add in a few IPAs, or soft drinks and we all averaged about $15 each.  I tried my friend Josh's Fish Tacos and his was great, too.  So why they Four Star review, Georgie? Well the non fish group thought theirs was average. Okay, so you go to a place called Coconut's Fish Cafe and you order chicken and steak?  I'm sorry, that is so LOL.   Step away from the meat taco guys and no one will get hurt!  Order the Poke, Fish or Shrimp Tacos and you'll fall in love with Coconut's Fish Cafe as I did.  Enjoy!
4, As the previous person posted, what more can really be said about this restaurant. I just came back from Vegas this morning and a truly truly horrible experience.  I only went out there for a concert and the concert and this restaurant were the best parts of my trip.  I went in here accidentally, meaning, i had no clue it was Bobby Flay's restaurant. I was hungry and Caesars Palace was a across from where I was staying and all the restaurants in my hotel were packed and had lines, I walked right in with no waiting. (I will assume now that since its Bobby's place this place can get crowded so I feel the need to note this was a Sunday about 11:45am) Once inside Caesars Palace, I went to the first restaurant I saw, which was this one.  I realized mid-meal it was his restaurant when the waiter at the table next to me was explaining to the recently seated couple that "Mr Flay likes a little spice so beware all of our dishes have a little kick" (they were an older couple). I know i'm slow after he said that, that's when i realized why they had his cookbooks in the front. :)  (but like i said had a horrible trip so i wasn't even looking for things like this) anyway onto the food.  FOOD: fantastic.  I went on sunday and i got the eggs and aged striploin tortilla (fancy name for steak and eggs) and  it was yummy.  It came with all this spices of sorts (well they werent spices). I am not really sure how to describe it, more like the consistency of salsa's but they werent salsa's, at any rate it was really good mix with the eggs.  I had a side of home fries which were a little burnt but oh well.  The steak was very good, very flavored, moist and tender. Overall very good. Had a cappuccino too, also very good. I wish i had tried the crabcake's but i knew i wasnt going to eat all that. waiters were awesome, just the right amount of attentiveness. (I personally hate when waiters/waitresses, come back every 5 minutes, is everything ok is everything ok...sheesh can i enjoy my meal?)   Anyway like i said, i had a horrible experience in vegas and this and the concert i went to see were the best parts about my trip, very glad i blessed up on this place.  P.S.  Take notice, i have never eaten in a celebrity chef's restaurant and noticed that there were no salt and pepper shakers on any table.  ha just a fun tidbit, i thought that was funny and very interesting, almost as if the chef is subtly saying "you will not mess up my dish with your spices"
4, In the heart of Chinatown, I discovered it enroute to Kensington Market one day. It's quite hard to see, if you don't know it's there. First experience was very positive - would definitely return!  ATMOSPHERE: Small space. Think Banh Mi Boys, and other trendy over-the-counter eateries. Vibe is casual. Free WiFi is nice.  SERVICE: Okay. Staff does their job, but not overly helpful upon entering the space. Maybe because it's an over-the-counter style place, but it would have been nice to be walked through their ordering process and menu.  PRICE: Average. Depends on the size of pizza you order.The small pizza ($7-9.50) is filling for one. Large size pizza ($13-18.50) is good for sharing... or one VERY hungry person.  Pasta portions are very generous for the price tag ($9-14)   FOOD: My friends and I were here for the first time, and we thought it was a pizza place so we all ordered pizza. It wasn't until we were waiting for the food to come, that we looked around and realised EVERY other table around us only had pasta on them. Guess we gotta come back to try! We did notice that the menu said their pasta is homemade. So will definitely come back.  Here's the pizza we ordered:  Peking Duck Pizza - Very tasty! Rich flavours that work well. But it's heavy, so come hungry - or order to share.  Margherita - Good, but not the best. I recommend trying the more "special" toppings instead.  Shall return, and/or try other locations.
2, This actually used to be one of my favorite hotel/casinos back in the day.  Oh, how things have changed.  There are some goods, however.  If you are a conventioneer, you have instant and direct walking access to the main convention center.  But don't think about parking here for said conventions.  $30 a day for parking, Hilton?  Seriously?  That's robbery.  And greed.  The biggest disappointment is the killing off of Star Trek: The Experience over two years ago.  Despite this place being off-Strip, I made it a point to go here because they had such a fun and unique attraction here.  It would be one thing if they had something in mind to replace it, but either poor planning or the economy.... It's dead, Jim.   The "Space Lounge" is still there.  An entire casino area with a heavy sci-fi theme to it.  Except there's no casino here.  It's a huge space themed area with a ghost town bar, no slots, a few couches, a makeshift stage, beer signs, and a few remnants of Star Trek themes.  All of this space, and nothing.  No life to it.  Couches and beer signs only make the emptiness and waste of the area seem more empty and pathetic.  With their main draw gone, what has replaced it as the headliner?  Benihana's.  Nothing wrong with the restaurant, but it's hardly unique or exclusive, even in Vegas.  The Hilton has a Pizza Hut Express here too.  Maybe they should promote that as their "big draw" on the marquee as well.  A huge Benihana sign covers up the old entrance to Star Trek.  With couches pushed in front of the entryway.  Again, just sad, and I'll be a big man in saying that they kind of broke my heart getting rid of one of my most beloved hang-outs here.  The arcade is dead as well.  Another blanketed off space that sits and collects dust.  Again, with two-plus years, no suitable replacement has been found for anything in this section.  A few shops that fluctuate, but that's it.  This is a lot of dead space to go unused.    There's also the issue of the Men's bathroom in the main casino area.  Above every urinal is a picture of a lust-crazed girl staring over your bits with a camera, magnifying glass, tape measure, etc, while you pee.  The first time I saw this, it was "ha ha" funny, then when the laughter died, it just turned creepy and weird for me.  I actually selected a urinal based off which girl creeped me out the least.  She merely looked like she was casting spells at my nethers.  I could live with that.  Ladies: I must know.  Is there something like this in the girl's restroom?  When you close the stall door to do your business, is there a picture of some crazed guy making grabbing motions where your boobs would be?  Please message me and let me know.  I'd really like to know what the Hell you get in your bathroom after my gender's discovery.  As critical as I am being, there looks to be some sort of steampunk-themed club called "Triumph" there.  I want to check this out.  Atonement for the death of my beloved Warp Core Breach booze bowl?  We'll see, but it's going to have to be pretty good to replace the hole in my heart from that much booze for so cheap a price.  The sad part is, Hilton's one of those "history rich" casinos here.  Look up the history on this place.  A lot of awesome stars and vintage Vegas stuff happened here, which makes you wonder why this isn't represented more.  This place is great for convention visitors to stay, but that's about it as far as I can see.  They need to figure themselves out for everything else.
3, Was super excited to bring my boyfriend to this Scaddabush location after going to the Richmond Hill location months back with friends and have been craving their mozzarella balls ever since!   We arrived and were seated at 8:15, and since reviewing the menu before hand, we placed out order with our waitress right away. We ordered the 'Naked' mozzarella to start and for mains the Penne Bolognese and Margherita pizza.   The waiting game was okay, we got our appetizer about 25 mins of waiting. Once arriving, the first thing I noticed was how small the mozzarella ball was compared the he Richmond Hill location. However, it was delicious ! I was reminded on why I chose this restaurant for dinner.   As for the mains, we waited and waited and waited. We had seen a male (possibly manager?) walk around with pizza slices and deliver them to some tables, however not ours. As he went to the table next to us we could overhear him apologizing for the wait time for their meals.   At around 9:05 our meals did arrive. The pizza was good,  definitely not enough cheese but will do. My boyfriend did really like his pasta.   Overall, I would say I would come back to Scaddabush. Possibly just for the mozzarella balls but as our mains were just okay and nothing special, wouldn't choose this location for a full dinner again.
1, We drive by Fruits and Roots almost daily and we finally decided to give it a try. Unfortunately the only good thing I have to say about the place is it has nice decor. We walked in and was greeted by one of the girls and as we were looking at the menu she asked if it was our first time and we told her yes. We assumed she would explain the menu but nope! My daughter's go to is a strawberry banana smoothie and the menu had a few smoothies that had strawberry and banana mixed with other stuff and I asked if they would be able to make one with just strawberry and banana and she had said they couldn't because it was already pre made. So we continued to look at the menu and a different girl came and said she would be able to make the smoothie so thank you to her. My husband and I knew we wanted to get an acai bowl so as we looked at the different options we found one we wanted to try but on the menu it had a pitaya and we asked if we could get it with acai instead but again was told that it was already pre made. So we went with one that was made with acai but it had blueberries which we don't like and we weee hesistant to ask if they would be able to leave them out since everything seemed to be pre made but my husband did ask and luckily she said they could leave it out. Whew! It wasn't a long wait to get our order. My daughter drank her smoothie saying it was okay and our acai bowl was okay as well. To me the best part was the granola and that's about it. At least we can say we finally tried this place and we definitely won't be back. We will be sticking to our usual spot Bowlology!
1, I can't tell you how angry I am right now.  I went to Huntersville Ford yesterday to get an oil change on my commuter car.  Paid my $41.00 and was given back my car just over an hour later. Today I had to go to work (40 mile round trip commute).  As I was getting off of I-85, I noticed the smell of burning oil.  I thought maybe the tech just spilled a little on the exhaust manifold since it's right there, and maybe it's burning off.  I didn't hit a stop light until I was almost at my office.  When I stopped and was waiting for the light, my cabin started to fill with smoke, and I had smoke pouring out from under the hood and the wheel wells as well. I pulled over into the parking area of a gas station (because they have accessible fire extinguishers) and parked.  I popped the hood only to find THE TECHNICIAN DID NOT PUT THE OIL FILLER CAP BACK ON!!!  Now my engine is covered in potentially flammable oil, and of course Huntersville Ford is closed today!!!! I have my car sitting outside in the parking lot with the hood open, just in case it decides to ignite, because my engine is pretty hot after a 20 mile drive. I called and left a voicemail, and now I have to find a way to degrease my engine at work, just so I can drive it home in a less-flammable state.  I WILL HOLD HUNTERSVILLE FORD RESPONSIBLE FOR ANY COMPONENTS THAT FAIL AS OF A RESULT OF THIS.  Most electronics don't like being slathered in motor oil.  In fact, I'm pretty sure they aren't designed for that.  And NO, I did not have other work done... Just the oil change.  You had 1 job.... oil change.  No transmission service, no brake service, no rotation, no cooling flush... just an oil change.  I hope he remembered to tighten the filter, but I am skeptical at this point.  I can assure you, I will NOT be taking my car back to that dealership, even though it is right around the corner from my house.  MAKE IT RIGHT, HUNTERSVILLE FORD.
1, The absolute WORST apartment complex I have ever lived in. Moved here from out of state. Hoped to find a decently priced apartment until I got myself settled in. Wow this place has been trash. Landlord is only here half the time, so those of you with a full time job, forget ever trying to communicate with her! Doesn't answer the phone or call back. Place can't even get with the 21st century and splurge on email communication. Rent past due? Noise complaint on an animal? Anything, Don't worry, you'll be singled out with a cheap ass piece of paper taped to your door for the whole complex to see. As far as CAM Properties as a whole, also trash! They also refuse to give callbacks. After hours "emergency?" ha, yeah right! Scottsdale PD had to be called when I had troubles after hours because CAM's "emergency after hours hotline" didn't answer the phone! I will never ever recommend anyone live here. The bugs invade the units like crazy - cockroaches, spiders, lizards, you name it. They say they spray before you move in, but do not perform any follow up procedures. They tell you if there's bugs in you apartment, that's all YOUR fault. Ha! I cannot get out of this place fast enough. The only upside is the utilities are included, however the price is still absurd for the less than average amenities and the horrible customer service.
4, Paid a visit here after the JT concert on Friday night - best decision all weekend. Every restaurant was packed before the show, so we set on wandering MGM afterwards for a good after show nosh and were definitely pleased at Crush. Luckily we were seated right away (not many people ordering dinner at 11pm I suppose!) and our incredibly nice server saw to our drink order ASAP.  The ambience is tres chic. Dark, romantic, and removed from casino craziness in the back where we sat cuddled up in a booth. The only negative about our seats was the pretty chilly draft, but perhaps we were just too sober ;) The Syrah was absolutely delicious, and at $11 for a glass, a Vegas bargain. We began with the Caesar salad which came out within minutes of ordering and was very tasty, though I myself found the sweetness to be a little strange. Overall it was a crunchy, refreshing delight. We then shared a margherita flatbread and the gnocchi. Whoa....both dishes definitely exceeded expectations. They were small plates, but really perfect for sharing. The speed at which the salad was delivered was slightly misleading, as the other dishes took quite a while to come out. However, they were clearly exceptionally fresh when they arrived.  Our waiter was pretty busy but as attentive as he could be, and very professional without being overbearing. The end-to-end experience was more than I expected at such a large venue, and thus deserves a high recommendation. This was a perfect way to wind down from an energizing show without losing the dazzle of a getaway weekend with your honey.
3, Furry watching 2011 concluded at Tonic....it was a fun time had by all....furries and humans alike.  I was the same as Mel U.  I had been past this place a couple times and never thought to go in.  I think it may be because it's on the "outskirts" of town and a section I really don't go to often.    First off I'll say I love the outdoor seating area!  It was a front row seat to all the furry watching action going on outside the Westin and convention center.  Plus let's face it, it's always great to have outdoor seating!    Since they're known for their martini's I had to indulge!  I ordered the Cosmo-Tonic because for some reason I've been really into Cosmo's lately.  With all tini's, you really have to have the right mixture.  I hate when there's too much Cranberry or even too much Vodka (gasp, I know!).    This was a perfect mix I'm glad to report!  Nice job shake masters!  I also tried my friends Lemon Drop Martini, holy bejebus, it was WAY too sweet for me!  I'll stick to my other options out there!  I would like to try the dinner options now and have the full experience here.  But I'd say so far so boozy good!
2, The reviews for this place on Facebook are great so despite not having a presence on Yelp, I made an appointment.  I won't deny my dog needed some serious grooming.  We'd brushed him out the night before but he could still use more combing, his hind legs/butt trimmed up and he had some matts behind his ear.  There are 4 doors at this place, I believe. If you just pull in to the drive way it's not terribly clear until you get closer to the doors and see signs directing you which to go into.  The lobby is cute. I was quickly greeted and I was given a form to complete. The woman doing the grooming introduced herself and I asked that his hind legs and butt get trimmed up and asked that she cut out any matts.  She said it would probably take about 3 hours.  I received a text about 3 1/2 hours later stating the price would be $80 and if I returned within 8 weeks it would be $65.  I went to pick him up and I was shocked that they shaved him.  His hair was NOT that bad.  Not to mention the hair that was left was not soft as it has been after visiting other groomers.  I didn't say anything because I was so shocked in the moment so I took him home.  We saw our dog paying particular attention to his private area...more so than he usually does.  My husband looked closer and found that he had been nicked a couple of times.  We found a large cut behind one of his ears.  We won't be returning.
3, Sigh. This review was tough to give, as it could've been anywhere between 2 and 4 stars.  Let's start with the positives. I came here with a friend for Summerlicious this afternoon at 12:30, and we got the last seat in the restaurant (it helped that we reserved). We were given the menu and our order was taken in about 3-4 minutes. Not bad to start.  I ordered the miso soup, green salad, ebi shiumai, sushi/sashimi/maki, and green tea ice cream. The miso soup and green salad tasted nothing special (the soup was a little salty though). The ebi shiumai tasted really good! The sushi/sashimi/maki tasted very good as well, and I especially love how there's a much higher raw fish-rice ratio compared to other restaurants I go to. Finally, the green tea ice cream was a great dessert to finish.  Everything with the food satisfied me. The service, after having the order taken, was a near disaster. I understand it was a busy day today due to the fact it was a nice Friday, but many of the servers were confused in their roles. There was a long lineup of orders by the sushi counter, and at one point I saw 15 dishes lining up ready for serving, but no servers were going to pick them up. I didn't receive my shiumai until 1:00, and my sushi/sashimi/maki until around 1:20. I finished everything by around 1:30, but the ice cream didn't come until around 1:40, and finally the bill didn't come till around 1:55. After 1 hour and 35 minutes, I finally left the restaurant at 2:05, since I had to ask for the credit card machine, in which no server was around for about 8 minutes before I finally got one's attention.  What probably saved this from a 2-star (or even a 1-star rating) was the fact the manager came out to me as I was signing my receipt saying how they were horribly understaffed and completely underestimated the demand for Summerlicious this year. They only had two sushi chefs, four servers, and two chefs serving what was a full house restaurant. In a way I felt bad, but I did give them just less than 10% tips; something I almost never do in restaurant.  Free wifi! Password is the phone number. Perhaps as a sucker for free wifi that might have contributed to the 3-star rating I gave. However, be warned.
5, I can't believe I'm saying this, but I think I just ate the highest quality burger of my life at a place where you have to order at the counter and the burger only cost $9.  I was immediately impressed upon ordering at Bang Bang Burgers. I ordered the hangover burger, and they not only asked how I wanted my burger (can choose from medium to well-done) but the worker even asked how runny I wanted the fried egg and then if I wanted it sunny side up or if they should flip it over easy. My buddy asked for mustard, and they even asked whether he wanted regular yellow, dijon, whole grain, or honey mustard. I added sweet potato fries for the $1 upcharge because I love sweet potato fries, paid my $10 and waited. I must say I was a little disappointed that I had to wait 15 minutes for the burger, but after first bite I had no more complaints! I don't know what's in Pat LaFreida's beef mixture, but it was the highest quality beef in a burger I've ever ordered. The bun was ridiculously soft as well. The egg was cooked perfectly, but the burger lacked any flavor from the small slice of cheese or the bacon hash unfortunately. Despite that, the amazing quality still made this burger awesome.  The sweet potato fries were by far the best sweet potato fries I've ever eaten, and I love sweet potato fries so that says a lot. They were crispy which so many places cannot accomplish and had a balance of sweetness from the fries and salt that was perfect. They came with a decent maple sauce, but I didn't dip very many because they were honestly better on their own. I must say, the bang bang sauce that comes on the side of the burgers is incredible though. It's similar to a Thousand Island dressing without the pickle relish, but something about it just makes it so much better and slightly sweeter.  Overall, I probably wouldn't order the hangover again and would choose a more flavorful/interesting option. I would also recommend going with a double if you're hungry because each patty is only around 4 ounces. Despite these slight "drawbacks", the quality of the meat and bun stood out so much that I think any burger here would be amazing and for a pretty solid price as well.
1, I went to a Spring Training game here on Monday 3/17/14.  The stadium is just off the freeway so I arrived in the area about 75 minutes before the game.  The traffic was backed up on the freeway and the main street was a mess.  I waited almost an hour to get to what I thought was the parking lot only to find out it was the parking for the local Marriott.  People were very frustrated cutting others off in traffic, being aggressive and I witnessed a road rage incident while sitting in the line.  By the time I made it to the Marriott lot, they had been out of spaces for 15 minutes but they did not have a method to notify people.  I blame the Marriot for most of the mess but the City of Tempe need to plan better for events. Inside the stadium I found the place to be less than average for Spring Training games.  The food was not good, the customer service was average and we could not hear the speakers very well.  I will stick to other Spring Training facilities to see some games in the future.
5, Hands down, the BEST kabobs in Vegas.   I stopped here late after work one night on the way home after having passed it at least a thousand times, and decided to give it a try. I went in, placed my order, and after about 15 minutes, was on my way home.   The inside is cozy, there is a new hookah lounge upstairs (not technically the same business), for those who might be interested in that. The tables inside were pretty low key, but the kitchen area is open except for some glass, so you get to watch your food prepared while you wait which is always a nice touch. Some people don't like that, but I do, it forces restaurants to practice more hygienic practices because customers can see more.   The young lady who rang me up was helpful and friendly. The gentleman who gave me my food, apologized for the wait (15 minutes is not long in my book, but maybe for some it is), and said that calling ahead is a great option if you're ever in a hurry in the future.   I ordered a lamb and chicken shish kabob. They were both DELICIOUS. Many kabobs in this city are incredibly bland and under seasoned, definitely not the case here. The rice was also well flavored. The green sauce that was at the counter where you pick up your food was perfectly spiced and I put it on EVERYTHING! I appreciate the fresh lemon wedge that was included in my to-go container.   My only real complaint was the price. It was more than $17 for two kabobs, which I thought was on the expensive side. If they took their prices down around $2, I'd be here way more often that is good for my wallet...
5, Lawry's is everything a good restaurant should be. We came here to celebrate our anniversary and Lawry's made our night unforgettable.  Their service was impeccable- from the sweet hostess who was unfazed when we arrived 30 minutes late to our reservation, to the warm friendly bartender who chatted us up like we were old friends, to the waiter who was not condescending in the least bit, to the busboys who guided me back to my table when I drunkenly stumbled into the kitchen.  The food was solid. The prime rib was balanced with just the perfect amount of richness and seasoning. I ordered a medium and it was a true medium- the edges were seasoned and done well while the interior was still a soft pink and juicy. My date loved the Yorkshire pudding, I wasn't really a fan, but it was airy and puffed up to perfection. The mushrooms were rich and earthy, the perfect accompaniment. The mashed potatoes were smooth, creamy, and deliciously well seasoned. No bland taters here.  All in all, we had a truly wonderful evening at Lawry's LV. We decided to skip dessert because we were stuffed and totally satisfied, so our waiter went the extra mile and boxed up a mini cake for us saying that we couldn't leave without something sweet on our anniversary (!!) Major points up for this, we were an intoxicated mess that night and he should've just shooed us out the door. I left with a huge smile on my face and a slightly renewed faith that there are still nice people in the world.
4, 2015 St. Patrick's Day Festival highlights: Saturday morning parking was available for free at 1) Parking Garage near City Hall, located at Basic Road and Lead Street. Accessed from Basic Road and 2) Parking Garage near Justice Facility, located at Water Street, near Basic Road. Accessed from either Water Street or Texas Avenue.  A must see is the  Carrolier Academy of Irish Dance! The children participated in the parade and scheduled events throughout the weekend. Led by Debbie Carroll and Shelley Locklier, the two dancers have Irish dance teaching credentials; both teachers travelled the world with Michael Flatley's Lord of the Dance.  Fun for the children included the ferris wheel and carousel.  Since the Las Vegas Valley does not have a permanent ferris wheel and carousel to ride, we enjoyed taking a twirl on both.  Ferris wheel tickets were 4 tickets per person. Carousel tickets were 3 per person, but an adult is free if standing next to small children who are on the ride.  Each ticket = $1.25.  I would like to see a greater use of food trucks.  We saw pizza, Mexican, Filipino, hot dogs, cupcakes, and snowcones. Come on Las Vegas Valley food culture, come out and show us what you offer.
